Documentation
davidjanev@Davids-Mac-mini SI_2024_lab1_172063 % nano README.md
davidjanev@Davids-Mac-mini SI_2024_lab1_172063 % git add README.md
davidjanev@Davids-Mac-mini SI_2024_lab1_172063 % git commit -m "Initial commit"
[master (root-commit) cc6ffef] Initial commit
 1 file changed, 3 insertions(+)
 create mode 100644 README.md
davidjanev@Davids-Mac-mini SI_2024_lab1_172063 % git checkout bug1
error: pathspec 'bug1' did not match any file(s) known to git
davidjanev@Davids-Mac-mini SI_2024_lab1_172063 % cp ~/Desktop/SILab1_1.java .
cp: /Users/davidjanev/Desktop/SILab1_1.java: No such file or directory
davidjanev@Davids-Mac-mini SI_2024_lab1_172063 % cp ~/Desktop/SILab1_1.java .
davidjanev@Davids-Mac-mini SI_2024_lab1_172063 % cp ~/Desktop/SILab1_1.java .
davidjanev@Davids-Mac-mini SI_2024_lab1_172063 % git add SILab1_1.java
davidjanev@Davids-Mac-mini SI_2024_lab1_172063 % git commit -am "Fix wrong condition in filterOddLengthStrings"

[master 64b2266] Fix wrong condition in filterOddLengthStrings
 1 file changed, 16 insertions(+)
 create mode 100644 SILab1_1.java
davidjanev@Davids-Mac-mini SI_2024_lab1_172063 % git checkout main
error: pathspec 'main' did not match any file(s) known to git
davidjanev@Davids-Mac-mini SI_2024_lab1_172063 % git checkout master
Already on 'master'
Your branch is based on 'origin/master', but the upstream is gone.
  (use "git branch --unset-upstream" to fixup)
davidjanev@Davids-Mac-mini SI_2024_lab1_172063 % git branch --unset-upstream
davidjanev@Davids-Mac-mini SI_2024_lab1_172063 % git checkout main          
error: pathspec 'main' did not match any file(s) known to git
davidjanev@Davids-Mac-mini SI_2024_lab1_172063 % git checkout master        
Already on 'master'
davidjanev@Davids-Mac-mini SI_2024_lab1_172063 % git checkout -b bug2
Switched to a new branch 'bug2'
davidjanev@Davids-Mac-mini SI_2024_lab1_172063 % cp ~/Desktop/SILab1_2.java .
davidjanev@Davids-Mac-mini SI_2024_lab1_172063 % git add SILab1_2.java
davidjanev@Davids-Mac-mini SI_2024_lab1_172063 % git commit -m "Adding files for bug fix"
[bug2 579f84c] Adding files for bug fix
 1 file changed, 14 insertions(+)
 create mode 100644 SILab1_2.java
davidjanev@Davids-Mac-mini SI_2024_lab1_172063 % git push origin bug 2
error: src refspec bug does not match any
error: src refspec 2 does not match any
error: failed to push some refs to 'https://github.com/DavidJ22/SI_2024_lab1_172063.git'
davidjanev@Davids-Mac-mini SI_2024_lab1_172063 % git push master bug 2
error: src refspec bug does not match any
error: src refspec 2 does not match any
error: failed to push some refs to 'master'
davidjanev@Davids-Mac-mini SI_2024_lab1_172063 % git checkout bug1
error: pathspec 'bug1' did not match any file(s) known to git
davidjanev@Davids-Mac-mini SI_2024_lab1_172063 % git checkout master 
\Switched to branch 'master'
davidjanev@Davids-Mac-mini SI_2024_lab1_172063 % git checkout bug1                       
error: pathspec 'bug1' did not match any file(s) known to git
davidjanev@Davids-Mac-mini SI_2024_lab1_172063 % git branch --unset-upstream
fatal: Branch 'master' has no upstream information
davidjanev@Davids-Mac-mini SI_2024_lab1_172063 % git checkout bug1          
error: pathspec 'bug1' did not match any file(s) known to git
davidjanev@Davids-Mac-mini SI_2024_lab1_172063 % git checkout -b  bug1
Switched to a new branch 'bug1'
davidjanev@Davids-Mac-mini SI_2024_lab1_172063 % git commit -am "Fix wrong condition in filterOddLengthStrings"
On branch bug1
Untracked files:
  (use "git add <file>..." to include in what will be committed)
	.DS_Store

nothing added to commit but untracked files present (use "git add" to track)
davidjanev@Davids-Mac-mini SI_2024_lab1_172063 % cp ~/Desktop/SILab1_1.java .
davidjanev@Davids-Mac-mini SI_2024_lab1_172063 % git add SILab1_1.java
davidjanev@Davids-Mac-mini SI_2024_lab1_172063 % git commit -am "Fix wrong condition in filterOddLengthStrings"
On branch bug1
Untracked files:
  (use "git add <file>..." to include in what will be committed)
	.DS_Store

nothing added to commit but untracked files present (use "git add" to track)
davidjanev@Davids-Mac-mini SI_2024_lab1_172063 % git checkout main
error: pathspec 'main' did not match any file(s) known to git
davidjanev@Davids-Mac-mini SI_2024_lab1_172063 % git checkout master
Switched to branch 'master'
davidjanev@Davids-Mac-mini SI_2024_lab1_172063 % git push --all origin
Enumerating objects: 9, done.
Counting objects: 100% (9/9), done.
Delta compression using up to 8 threads
Compressing objects: 100% (7/7), done.
Writing objects: 100% (9/9), 1.09 KiB | 1.09 MiB/s, done.
Total 9 (delta 1), reused 0 (delta 0), pack-reused 0
remote: Resolving deltas: 100% (1/1), done.
To https://github.com/DavidJ22/SI_2024_lab1_172063.git
 * [new branch]      bug1 -> bug1
 * [new branch]      bug2 -> bug2
 * [new branch]      master -> master
davidjanev@Davids-Mac-mini SI_2024_lab1_172063 % git checkout bug1 
Switched to branch 'bug1'
davidjanev@Davids-Mac-mini SI_2024_lab1_172063 % cp ~/Desktop/SILab1Main.java .
davidjanev@Davids-Mac-mini SI_2024_lab1_172063 % git add SILab1Main.java
davidjanev@Davids-Mac-mini SI_2024_lab1_172063 % git commit -m "Call method filterOddLengthStrings in main class"
[bug1 1d21bd6] Call method filterOddLengthStrings in main class
 1 file changed, 18 insertions(+)
 create mode 100644 SILab1Main.java
davidjanev@Davids-Mac-mini SI_2024_lab1_172063 % git checkout bug2
Switched to branch 'bug2'
davidjanev@Davids-Mac-mini SI_2024_lab1_172063 % cp ~/Desktop/SILab1Main.java .
davidjanev@Davids-Mac-mini SI_2024_lab1_172063 % git add SILab1Main.java
davidjanev@Davids-Mac-mini SI_2024_lab1_172063 % git commit -m "Call method makeBigStringFrom in main class."    
[bug2 c35d406] Call method makeBigStringFrom in main class.
 1 file changed, 18 insertions(+)
 create mode 100644 SILab1Main.java
davidjanev@Davids-Mac-mini SI_2024_lab1_172063 % git checkout main
error: pathspec 'main' did not match any file(s) known to git
davidjanev@Davids-Mac-mini SI_2024_lab1_172063 % git push --all origin 
Enumerating objects: 8, done.
Counting objects: 100% (8/8), done.
Delta compression using up to 8 threads
Compressing objects: 100% (6/6), done.
Writing objects: 100% (6/6), 958 bytes | 958.00 KiB/s, done.
Total 6 (delta 1), reused 0 (delta 0), pack-reused 0
remote: Resolving deltas: 100% (1/1), done.
To https://github.com/DavidJ22/SI_2024_lab1_172063.git
   64b2266..1d21bd6  bug1 -> bug1
   579f84c..c35d406  bug2 -> bug2
davidjanev@Davids-Mac-mini SI_2024_lab1_172063 % git checkout master
Switched to branch 'master'
davidjanev@Davids-Mac-mini SI_2024_lab1_172063 % git merge bug1
Updating 64b2266..1d21bd6
Fast-forward
 SILab1Main.java | 18 ++++++++++++++++++
 1 file changed, 18 insertions(+)
 create mode 100644 SILab1Main.java
davidjanev@Davids-Mac-mini SI_2024_lab1_172063 % git push --all origin
Total 0 (delta 0), reused 0 (delta 0), pack-reused 0
To https://github.com/DavidJ22/SI_2024_lab1_172063.git
   64b2266..1d21bd6  master -> master
davidjanev@Davids-Mac-mini SI_2024_lab1_172063 % git checkout bug
error: pathspec 'bug' did not match any file(s) known to git
davidjanev@Davids-Mac-mini SI_2024_lab1_172063 % git checkout bug2
Switched to branch 'bug2'
davidjanev@Davids-Mac-mini SI_2024_lab1_172063 % git rebase master
Auto-merging SILab1Main.java
CONFLICT (add/add): Merge conflict in SILab1Main.java
error: could not apply c35d406... Call method makeBigStringFrom in main class.
hint: Resolve all conflicts manually, mark them as resolved with
hint: "git add/rm <conflicted_files>", then run "git rebase --continue".
hint: You can instead skip this commit: run "git rebase --skip".
hint: To abort and get back to the state before "git rebase", run "git rebase --abort".
Could not apply c35d406... Call method makeBigStringFrom in main class.
davidjanev@Davids-Mac-mini SI_2024_lab1_172063 % git rebase --continue
Successfully rebased and updated refs/heads/bug2.
davidjanev@Davids-Mac-mini SI_2024_lab1_172063 % git chechout master
git: 'chechout' is not a git command. See 'git --help'.

The most similar command is
	checkout
davidjanev@Davids-Mac-mini SI_2024_lab1_172063 % git checkout master
Switched to branch 'master'
davidjanev@Davids-Mac-mini SI_2024_lab1_172063 % git pull origin master
From https://github.com/DavidJ22/SI_2024_lab1_172063
 * branch            master     -> FETCH_HEAD
Already up to date.
davidjanev@Davids-Mac-mini SI_2024_lab1_172063 % git merge bug2
Updating 1d21bd6..5e812c0
Fast-forward
 SILab1Main.java |  1 +
 SILab1_2.java   | 14 ++++++++++++++
 2 files changed, 15 insertions(+)
 create mode 100644 SILab1_2.java
davidjanev@Davids-Mac-mini SI_2024_lab1_172063 % git push --all origin 
Enumerating objects: 6, done.
Counting objects: 100% (6/6), done.
Delta compression using up to 8 threads
Compressing objects: 100% (4/4), done.
Writing objects: 100% (4/4), 627 bytes | 627.00 KiB/s, done.
Total 4 (delta 1), reused 0 (delta 0), pack-reused 0
remote: Resolving deltas: 100% (1/1), completed with 1 local object.
To https://github.com/DavidJ22/SI_2024_lab1_172063.git
   1d21bd6..5e812c0  master -> master
 ! [rejected]        bug2 -> bug2 (non-fast-forward)
error: failed to push some refs to 'https://github.com/DavidJ22/SI_2024_lab1_172063.git'
hint: Updates were rejected because a pushed branch tip is behind its remote
hint: counterpart. Check out this branch and integrate the remote changes
hint: (e.g. 'git pull ...') before pushing again.
hint: See the 'Note about fast-forwards' in 'git push --help' for details.
davidjanev@Davids-Mac-mini SI_2024_lab1_172063 % git push --help       
Unknown locale, assuming C
davidjanev@Davids-Mac-mini SI_2024_lab1_172063 % git push --force
fatal: The current branch master has no upstream branch.
To push the current branch and set the remote as upstream, use

    git push --set-upstream origin master

To have this happen automatically for branches without a tracking
upstream, see 'push.autoSetupRemote' in 'git help config'.

davidjanev@Davids-Mac-mini SI_2024_lab1_172063 % git push --set-upstream origin master
branch 'master' set up to track 'origin/master'.
Everything up-to-date
davidjanev@Davids-Mac-mini SI_2024_lab1_172063 % git push --all --force
Total 0 (delta 0), reused 0 (delta 0), pack-reused 0
To https://github.com/DavidJ22/SI_2024_lab1_172063.git
 + c35d406...5e812c0 bug2 -> bug2 (forced update)
davidjanev@Davids-Mac-mini SI_2024_lab1_172063 % git push --all --force origin
Everything up-to-date
davidjanev@Davids-Mac-mini SI_2024_lab1_172063 % git log > logs.txt
davidjanev@Davids-Mac-mini SI_2024_lab1_172063 % echo "Documentation" > 172063.txt
davidjanev@Davids-Mac-mini SI_2024_lab1_172063 % >....                                                                                             davidjanev@Davids-Mac-mini SI_2024_lab1_172063 % >....                                                                                           davidjanev@Davids-Mac-mini SI_2024_lab1_172063 % >....                                                                                            
davidjanev@Davids-Mac-mini SI_2024_lab1_172063 % git push --help       
Unknown locale, assuming C
davidjanev@Davids-Mac-mini SI_2024_lab1_172063 % git push --force
fatal: The current branch master has no upstream branch.
To push the current branch and set the remote as upstream, use

    git push --set-upstream origin master

To have this happen automatically for branches without a tracking
upstream, see 'push.autoSetupRemote' in 'git help config'.

davidjanev@Davids-Mac-mini SI_2024_lab1_172063 % git push --set-upstream origin master
branch 'master' set up to track 'origin/master'.
Everything up-to-date
davidjanev@Davids-Mac-mini SI_2024_lab1_172063 % git push --all --force
Total 0 (delta 0), reused 0 (delta 0), pack-reused 0
To https://github.com/DavidJ22/SI_2024_lab1_172063.git
 + c35d406...5e812c0 bug2 -> bug2 (forced update)
davidjanev@Davids-Mac-mini SI_2024_lab1_172063 % git push --all --force origin
Everything up-to-date
davidjanev@Davids-Mac-mini SI_2024_lab1_172063 % git log > logs.txt
davidjanev@Davids-Mac-mini SI_2024_lab1_172063 % echo "Documentation" > 172063.txt
davidjanev@Davids-Mac-mini SI_2024_lab1_172063 % 
